<<<<<<< HEAD
2025-07-03 09:55:31,537 INFO: create_app() called
2025-07-03 09:55:32,000 INFO: create_app() called
2025-07-03 09:56:18,201 INFO: create_app() called
2025-07-03 09:56:18,659 INFO: create_app() called
2025-07-03 10:12:33,619 INFO: create_app() called
2025-07-03 10:12:34,061 INFO: create_app() called
2025-07-03 10:29:34,679 INFO: create_app() called
2025-07-03 10:29:35,122 INFO: create_app() called
2025-07-03 10:31:59,694 INFO: create_app() called
2025-07-03 10:32:00,101 INFO: create_app() called
2025-07-03 10:36:17,963 INFO: create_app() called
2025-07-03 10:36:18,441 INFO: create_app() called
2025-07-03 10:42:33,973 INFO: create_app() called
2025-07-03 10:42:34,412 INFO: create_app() called
2025-07-03 10:46:36,649 INFO: create_app() called
2025-07-03 10:46:37,077 INFO: create_app() called
2025-07-03 10:49:55,369 INFO: create_app() called
2025-07-03 10:49:55,903 INFO: create_app() called
2025-07-03 10:53:20,411 INFO: create_app() called
2025-07-03 10:53:20,934 INFO: create_app() called
2025-07-03 11:33:13,975 INFO: create_app() called
2025-07-03 11:33:14,741 INFO: create_app() called
2025-07-03 11:36:54,880 INFO: create_app() called
2025-07-03 11:36:55,374 INFO: create_app() called
2025-07-03 11:42:56,324 INFO: create_app() called
2025-07-03 11:43:44,754 INFO: create_app() called
2025-07-03 11:43:45,378 INFO: create_app() called
2025-07-03 11:46:13,395 INFO: create_app() called
2025-07-03 11:46:13,943 INFO: create_app() called
2025-07-03 11:48:21,330 INFO: create_app() called
2025-07-03 11:48:21,943 INFO: create_app() called
2025-07-03 11:53:43,047 INFO: create_app() called
2025-07-03 11:53:43,604 INFO: create_app() called
2025-07-03 11:54:47,891 INFO: create_app() called
2025-07-03 11:54:48,549 INFO: create_app() called
2025-07-03 11:57:46,989 INFO: create_app() called
2025-07-03 11:57:47,595 INFO: create_app() called
2025-07-03 11:59:51,793 INFO: create_app() called
2025-07-03 11:59:52,393 INFO: create_app() called
2025-07-03 12:01:36,992 INFO: create_app() called
2025-07-03 12:01:37,639 INFO: create_app() called
=======
2025-07-03 10:19:36,652 INFO: create_app() called
2025-07-03 10:21:14,659 INFO: create_app() called
2025-07-03 10:21:15,081 INFO: create_app() called
2025-07-03 10:27:02,201 INFO: create_app() called
2025-07-03 10:27:02,574 INFO: create_app() called
2025-07-03 10:29:09,126 INFO: create_app() called
2025-07-03 10:29:09,662 INFO: create_app() called
2025-07-03 10:43:14,853 INFO: create_app() called
2025-07-03 10:43:15,427 INFO: create_app() called
2025-07-03 10:56:00,661 INFO: create_app() called
2025-07-03 10:56:01,181 INFO: create_app() called
2025-07-03 10:59:46,079 INFO: create_app() called
2025-07-03 10:59:46,553 INFO: create_app() called
2025-07-03 11:12:23,786 INFO: create_app() called
2025-07-03 11:12:24,368 INFO: create_app() called
2025-07-03 11:20:29,923 INFO: create_app() called
2025-07-03 11:20:30,436 INFO: create_app() called
2025-07-03 11:21:10,096 INFO: create_app() called
2025-07-03 11:21:10,617 INFO: create_app() called
2025-07-03 11:21:30,286 INFO: create_app() called
2025-07-03 11:21:30,770 INFO: create_app() called
2025-07-03 11:30:58,387 INFO: create_app() called
2025-07-03 11:30:58,808 INFO: create_app() called
2025-07-03 11:33:00,813 INFO: create_app() called
2025-07-03 11:33:01,283 INFO: create_app() called
<<<<<<< Updated upstream
>>>>>>> origin/main
<<<<<<< Updated upstream
=======
2025-07-03 11:54:43,205 INFO: create_app() called
2025-07-03 11:54:43,693 INFO: create_app() called
>>>>>>> Stashed changes
2025-07-03 14:29:09,940 INFO: create_app() called
2025-07-03 14:29:10,514 INFO: create_app() called
2025-07-03 17:21:10,114 INFO: create_app() called
2025-07-03 17:21:10,725 INFO: create_app() called
2025-07-03 19:51:44,858 INFO: create_app() called
2025-07-03 19:51:45,473 INFO: create_app() called
2025-07-03 19:55:28,372 INFO: create_app() called
2025-07-03 19:55:28,942 INFO: create_app() called
2025-07-03 19:58:38,797 INFO: create_app() called
2025-07-03 19:58:39,382 INFO: create_app() called
2025-07-03 20:04:23,762 INFO: create_app() called
2025-07-03 20:04:24,338 INFO: create_app() called
2025-07-03 20:19:51,410 INFO: create_app() called
2025-07-03 20:19:51,940 INFO: create_app() called
<<<<<<< HEAD
=======
2025-07-03 12:25:22,225 INFO: create_app() called
2025-07-03 12:25:22,824 INFO: create_app() called
2025-07-03 12:29:38,454 INFO: create_app() called
2025-07-03 12:29:39,022 INFO: create_app() called
2025-07-04 08:27:45,915 INFO: create_app() called
2025-07-04 08:27:46,501 INFO: create_app() called
2025-07-04 08:29:30,381 INFO: create_app() called
2025-07-04 08:29:30,775 INFO: create_app() called
>>>>>>> Stashed changes
=======
2025-07-04 08:44:22,246 INFO: create_app() called
2025-07-04 08:44:22,927 INFO: create_app() called
2025-07-04 08:46:30,826 INFO: create_app() called
2025-07-04 08:46:31,426 INFO: create_app() called
2025-07-04 08:50:54,974 INFO: User "justin" logged out successfully
2025-07-04 09:06:34,227 INFO: create_app() called
2025-07-04 09:06:34,751 INFO: create_app() called
2025-07-04 09:08:41,975 INFO: User "justin" logged out successfully
2025-07-04 09:09:46,798 WARNING: Failed login attempt for justin
2025-07-04 09:21:53,164 INFO: create_app() called
2025-07-04 09:21:53,653 INFO: create_app() called
2025-07-04 09:23:00,885 INFO: User "justin" logged out successfully
2025-07-04 09:23:18,483 WARNING: Failed login attempt for altius
2025-07-04 09:25:27,365 INFO: New account has been registered with email: pekow47784@coasah.com
2025-07-04 09:25:51,805 INFO: User "tester" logged out successfully
>>>>>>> origin/main
2025-07-04 10:05:06,289 INFO: create_app() called
2025-07-04 10:05:06,715 INFO: create_app() called
2025-07-04 10:08:35,897 INFO: create_app() called
2025-07-04 10:08:36,346 INFO: create_app() called
2025-07-04 10:11:35,481 INFO: create_app() called
2025-07-04 10:11:35,958 INFO: create_app() called
2025-07-04 10:13:28,893 INFO: create_app() called
2025-07-04 10:13:29,340 INFO: create_app() called
2025-07-04 10:14:20,176 INFO: create_app() called
2025-07-04 10:14:20,610 INFO: create_app() called
2025-07-04 10:16:09,732 INFO: create_app() called
2025-07-04 10:16:10,171 INFO: create_app() called
2025-07-04 10:18:09,908 INFO: create_app() called
2025-07-04 10:18:10,380 INFO: create_app() called
2025-07-04 15:19:59,056 INFO: create_app() called
2025-07-04 15:19:59,722 INFO: create_app() called
2025-07-04 15:24:11,005 INFO: create_app() called
2025-07-04 15:24:11,613 INFO: create_app() called
2025-07-04 15:33:54,209 INFO: create_app() called
2025-07-04 15:35:32,676 INFO: create_app() called
2025-07-04 15:35:37,297 INFO: create_app() called
2025-07-04 15:35:40,168 INFO: create_app() called
2025-07-04 15:35:43,682 INFO: create_app() called
2025-07-06 13:03:17,047 INFO: create_app() called
2025-07-06 13:03:17,613 INFO: create_app() called
2025-07-06 13:42:12,940 INFO: create_app() called
2025-07-06 13:42:13,966 INFO: create_app() called
2025-07-06 13:43:26,710 INFO: create_app() called
2025-07-06 13:43:27,394 INFO: create_app() called
2025-07-06 13:45:20,200 INFO: create_app() called
2025-07-06 13:45:20,679 INFO: create_app() called
2025-07-06 14:01:36,967 INFO: create_app() called
2025-07-06 14:01:37,536 INFO: create_app() called
2025-07-06 14:03:56,970 INFO: create_app() called
2025-07-06 14:03:57,505 INFO: create_app() called
2025-07-06 14:06:39,569 INFO: create_app() called
2025-07-06 14:06:40,132 INFO: create_app() called
2025-07-06 14:09:26,134 INFO: create_app() called
2025-07-06 14:09:26,691 INFO: create_app() called
2025-07-06 14:14:03,892 INFO: create_app() called
2025-07-06 14:14:04,492 INFO: create_app() called
2025-07-06 14:17:39,173 INFO: New account has been registered with email: jordanchanxj@gmail.com
2025-07-06 14:17:46,079 WARNING: Failed login attempt for jordan
2025-07-06 14:18:23,119 INFO: User "Jordan" initiated profile image upload
2025-07-06 14:18:23,143 INFO: User "Jordan" uploaded a new profile image!
2025-07-08 07:28:13,081 INFO: create_app() called
2025-07-08 07:28:13,420 INFO: create_app() called
